---
source: lowlevel/src/tests.rs
expression: "d.exec(Command :: parse(& st, r#\"(get-model)\"#)?)?"
---
SpecificSuccessResponse(GetModelResponse(GetModelResponse([
  DefineFun(FunctionDef(Symbol("x"), [], Sort(Simple(Symbol("Int"))), Application(Identifier(Simple(Symbol("-"))), [
    SpecConstant(Numeral(Numeral(
      repr: Number(2),
    ))),
  ]))),
])))
